<html>
<body>
<pre>
<h1>礦ision Build Log</h1>
<h2>Tool Versions:</h2>
IDE-Version: μVision V5.34.0.0
Copyright (C) 2021 ARM Ltd and ARM Germany GmbH. All rights reserved.
License Information:  ,  , LIC=----
 
Tool Versions:
Toolchain:       MDK-Lite  Version: 5.34.0.0
Toolchain Path:  D:\ARM\ARMCC\Bin
C Compiler:      Armcc.exe V5.06 update 7 (build 960)
Assembler:       Armasm.exe V5.06 update 7 (build 960)
Linker/Locator:  ArmLink.exe V5.06 update 7 (build 960)
Library Manager: ArmAr.exe V5.06 update 7 (build 960)
Hex Converter:   FromElf.exe V5.06 update 7 (build 960)
CPU DLL:         SARMCM3.DLL V5.34.0.0
Dialog DLL:      DCM.DLL V1.17.3.0
Target DLL:      STLink\ST-LINKIII-KEIL_SWO.dll V3.0.8.0
Dialog DLL:      TCM.DLL V1.48.0.0
 
<h2>Project:</h2>
C:\Users\33790\Desktop\9-2 串口发送+接收\Project.uvprojx
Project File Date:  12/13/2025

<h2>Output:</h2>
*** Using Compiler 'V5.06 update 7 (build 960)', folder: 'D:\ARM\ARMCC\Bin'
Rebuild target 'Target 1'
compiling core_cm3.c...
assembling startup_stm32f10x_md.s...
compiling misc.c...
compiling stm32f10x_cec.c...
compiling stm32f10x_dbgmcu.c...
compiling stm32f10x_bkp.c...
compiling stm32f10x_adc.c...
compiling stm32f10x_crc.c...
compiling stm32f10x_dac.c...
compiling system_stm32f10x.c...
compiling stm32f10x_can.c...
compiling stm32f10x_dma.c...
compiling stm32f10x_exti.c...
compiling stm32f10x_flash.c...
compiling stm32f10x_fsmc.c...
compiling stm32f10x_gpio.c...
compiling stm32f10x_i2c.c...
compiling stm32f10x_iwdg.c...
compiling stm32f10x_pwr.c...
compiling stm32f10x_rcc.c...
compiling stm32f10x_rtc.c...
compiling stm32f10x_sdio.c...
compiling stm32f10x_spi.c...
compiling stm32f10x_usart.c...
compiling stm32f10x_tim.c...
compiling stm32f10x_wwdg.c...
compiling Delay.c...
compiling RTC.c...
compiling LED.c...
compiling Key.c...
compiling OLED.c...
compiling Serial.c...
compiling Buzzer.c...
Hardware\Buzzer.c(41): warning:  #1-D: last line of file ends without a newline
  }
Hardware\Buzzer.c: 1 warning, 0 errors
compiling DHT11.c...
Hardware\dht11.h(29): warning:  #1-D: last line of file ends without a newline
  #endif
Hardware\DHT11.c: 1 warning, 0 errors
compiling Encoder.c...
Hardware\Encoder.c(164): warning:  #223-D: function "abs" declared implicitly
      if (abs(diff) >= 1) // 闄嶄綆闃堝�煎埌1锛屾彁楂樼伒鏁忓害
Hardware\Encoder.c(219): warning:  #1-D: last line of file ends without a newline
  }
Hardware\Encoder.c: 2 warnings, 0 errors
compiling IR.c...
Hardware\IR.c(24): warning:  #1-D: last line of file ends without a newline
  }
Hardware\IR.c: 1 warning, 0 errors
compiling W25Q64.c...
Hardware\W25Q64.h(145): warning:  #1-D: last line of file ends without a newline
  #endif /* __W25Q64_H */
Hardware\W25Q64.c(642): warning:  #1-D: last line of file ends without a newline
  }
Hardware\W25Q64.c: 2 warnings, 0 errors
compiling main.c...
.\Hardware\DHT11.h(29): warning:  #1-D: last line of file ends without a newline
  #endif
.\Hardware\IR.h(7): warning:  #1-D: last line of file ends without a newline
  #endif
.\Hardware\Buzzer.h(8): warning:  #1-D: last line of file ends without a newline
  #endif
.\Hardware\W25Q64.h(145): warning:  #1-D: last line of file ends without a newline
  #endif /* __W25Q64_H */
User\main.c(435): warning:  #177-D: variable "last_mode"  was declared but never referenced
      static uint8_t last_mode = 0xFF;
User\main.c(436): warning:  #177-D: variable "last_temperature"  was declared but never referenced
      static uint8_t last_temperature = 0xFF;
User\main.c(437): warning:  #177-D: variable "last_humidity"  was declared but never referenced
      static uint8_t last_humidity = 0xFF;
User\main.c(438): warning:  #177-D: variable "last_ir_status"  was declared but never referenced
      static uint8_t last_ir_status = 0xFF;
User\main.c(439): warning:  #177-D: variable "last_alarm_status"  was declared but never referenced
      static uint8_t last_alarm_status = 0xFF;
User\main.c: 9 warnings, 0 errors
compiling stm32f10x_it.c...
linking...
Program Size: Code=19040 RO-data=2336 RW-data=64 ZI-data=1104  
".\Objects\Project.axf" - 0 Error(s), 16 Warning(s).

<h2>Software Packages used:</h2>

Package Vendor: Keil
                http://www.keil.com/pack/Keil.STM32F1xx_DFP.2.4.0.pack
                Keil.STM32F1xx_DFP.2.4.0
                STMicroelectronics STM32F1 Series Device Support, Drivers and Examples

<h2>Collection of Component include folders:</h2>
  D:\Packs\Keil\STM32F1xx_DFP\2.4.0\Device\Include

<h2>Collection of Component Files used:</h2>
Build Time Elapsed:  00:00:11
</pre>
</body>
</html>
